Java HotSpot(TM) 64-Bit Server VM (25.65-b01) for bsd-amd64 JRE (1.8.0_65-b17), built on Oct  6 2015 15:36:46 by "java_re" with gcc 4.2.1 (Based on Apple Inc. build 5658) (LLVM build 2336.11.00)
Memory: 4k page, physical 16777216k(553840k free)

/proc/meminfo:

CommandLine flags: -XX:+DisableExplicitGC -XX:InitialHeapSize=1073741824 -XX:InitiatingHeapOccupancyPercent=35 -XX:+ManagementServer -XX:MaxGCPauseMillis=20 -XX:MaxHeapSize=1073741824 -XX:+PrintGC -XX:+PrintGCDateStamps -XX:+PrintGCDetails -XX:+PrintGCTimeStamps -XX:+UseCompressedClassPointers -XX:+UseCompressedOops -XX:+UseG1GC 
2016-11-17T08:35:26.948+0500: 0.814: [GC pause (G1 Evacuation Pause) (young), 0.0063799 secs]
   [Parallel Time: 2.6 ms, GC Workers: 8]
      [GC Worker Start (ms): Min: 814.0, Avg: 814.1, Max: 814.1, Diff: 0.1]
      [Ext Root Scanning (ms): Min: 0.3, Avg: 0.5, Max: 1.6, Diff: 1.3, Sum: 4.0]
      [Update RS (ms): Min: 0.0, Avg: 0.0, Max: 0.0, Diff: 0.0, Sum: 0.0]
         [Processed Buffers: Min: 0, Avg: 0.0, Max: 0, Diff: 0, Sum: 0]
      [Scan RS (ms): Min: 0.0, Avg: 0.0, Max: 0.0, Diff: 0.0, Sum: 0.0]
      [Code Root Scanning (ms): Min: 0.0, Avg: 0.1, Max: 0.3, Diff: 0.3, Sum: 0.8]
      [Object Copy (ms): Min: 1.0, Avg: 1.9, Max: 2.2, Diff: 1.2, Sum: 15.2]
      [Termination (ms): Min: 0.0, Avg: 0.0, Max: 0.0, Diff: 0.0, Sum: 0.1]
         [Termination Attempts: Min: 1, Avg: 16.5, Max: 22, Diff: 21, Sum: 132]
      [GC Worker Other (ms): Min: 0.0, Avg: 0.0, Max: 0.0, Diff: 0.0, Sum: 0.1]
      [GC Worker Total (ms): Min: 2.5, Avg: 2.5, Max: 2.6, Diff: 0.1, Sum: 20.2]
      [GC Worker End (ms): Min: 816.6, Avg: 816.6, Max: 816.6, Diff: 0.0]
   [Code Root Fixup: 0.2 ms]
   [Code Root Purge: 0.0 ms]
   [Clear CT: 0.1 ms]
   [Other: 3.4 ms]
      [Choose CSet: 0.0 ms]
      [Ref Proc: 3.2 ms]
      [Ref Enq: 0.0 ms]
      [Redirty Cards: 0.1 ms]
      [Humongous Register: 0.0 ms]
      [Humongous Reclaim: 0.0 ms]
      [Free CSet: 0.1 ms]
   [Eden: 51.0M(51.0M)->0.0B(44.0M) Survivors: 0.0B->7168.0K Heap: 51.0M(1024.0M)->7515.0K(1024.0M)]
 [Times: user=0.02 sys=0.00, real=0.01 secs] 
2016-11-17T08:35:27.444+0500: 1.310: [GC pause (G1 Evacuation Pause) (young), 0.0060446 secs]
   [Parallel Time: 3.8 ms, GC Workers: 8]
      [GC Worker Start (ms): Min: 1309.6, Avg: 1309.7, Max: 1309.7, Diff: 0.1]
      [Ext Root Scanning (ms): Min: 0.5, Avg: 0.8, Max: 1.4, Diff: 0.9, Sum: 6.6]
      [Update RS (ms): Min: 0.0, Avg: 0.0, Max: 0.1, Diff: 0.1, Sum: 0.1]
         [Processed Buffers: Min: 0, Avg: 0.1, Max: 1, Diff: 1, Sum: 1]
      [Scan RS (ms): Min: 0.0, Avg: 0.0, Max: 0.0, Diff: 0.0, Sum: 0.0]
      [Code Root Scanning (ms): Min: 0.0, Avg: 0.3, Max: 1.3, Diff: 1.3, Sum: 2.5]
      [Object Copy (ms): Min: 1.8, Avg: 2.5, Max: 2.9, Diff: 1.1, Sum: 19.6]
      [Termination (ms): Min: 0.0, Avg: 0.1, Max: 0.1, Diff: 0.1, Sum: 0.7]
         [Termination Attempts: Min: 1, Avg: 39.5, Max: 56, Diff: 55, Sum: 316]
      [GC Worker Other (ms): Min: 0.0, Avg: 0.0, Max: 0.0, Diff: 0.0, Sum: 0.1]
      [GC Worker Total (ms): Min: 3.7, Avg: 3.7, Max: 3.7, Diff: 0.1, Sum: 29.6]
      [GC Worker End (ms): Min: 1313.4, Avg: 1313.4, Max: 1313.4, Diff: 0.0]
   [Code Root Fixup: 0.3 ms]
   [Code Root Purge: 0.0 ms]
   [Clear CT: 0.2 ms]
   [Other: 1.7 ms]
      [Choose CSet: 0.0 ms]
      [Ref Proc: 1.4 ms]
      [Ref Enq: 0.0 ms]
      [Redirty Cards: 0.1 ms]
      [Humongous Register: 0.0 ms]
      [Humongous Reclaim: 0.0 ms]
      [Free CSet: 0.1 ms]
   [Eden: 44.0M(44.0M)->0.0B(44.0M) Survivors: 7168.0K->7168.0K Heap: 179.3M(1024.0M)->136.5M(1024.0M)]
 [Times: user=0.03 sys=0.00, real=0.01 secs] 
2016-11-17T08:35:27.593+0500: 1.458: [GC pause (G1 Evacuation Pause) (young), 0.0053787 secs]
   [Parallel Time: 3.9 ms, GC Workers: 8]
      [GC Worker Start (ms): Min: 1458.5, Avg: 1458.8, Max: 1459.4, Diff: 0.9]
      [Ext Root Scanning (ms): Min: 0.0, Avg: 0.4, Max: 1.5, Diff: 1.5, Sum: 2.8]
      [Update RS (ms): Min: 0.0, Avg: 0.0, Max: 0.2, Diff: 0.2, Sum: 0.3]
         [Processed Buffers: Min: 0, Avg: 0.4, Max: 2, Diff: 2, Sum: 3]
      [Scan RS (ms): Min: 0.0, Avg: 0.0, Max: 0.0, Diff: 0.0, Sum: 0.0]
      [Code Root Scanning (ms): Min: 0.0, Avg: 0.7, Max: 3.2, Diff: 3.2, Sum: 5.4]
      [Object Copy (ms): Min: 0.2, Avg: 2.4, Max: 3.3, Diff: 3.1, Sum: 19.4]
      [Termination (ms): Min: 0.0, Avg: 0.1, Max: 0.1, Diff: 0.1, Sum: 0.5]
         [Termination Attempts: Min: 1, Avg: 20.5, Max: 42, Diff: 41, Sum: 164]
      [GC Worker Other (ms): Min: 0.0, Avg: 0.0, Max: 0.0, Diff: 0.0, Sum: 0.1]
      [GC Worker Total (ms): Min: 2.9, Avg: 3.6, Max: 3.8, Diff: 0.9, Sum: 28.6]
      [GC Worker End (ms): Min: 1462.3, Avg: 1462.3, Max: 1462.3, Diff: 0.0]
   [Code Root Fixup: 0.4 ms]
   [Code Root Purge: 0.0 ms]
   [Clear CT: 0.2 ms]
   [Other: 0.8 ms]
      [Choose CSet: 0.0 ms]
      [Ref Proc: 0.4 ms]
      [Ref Enq: 0.0 ms]
      [Redirty Cards: 0.2 ms]
      [Humongous Register: 0.0 ms]
      [Humongous Reclaim: 0.0 ms]
      [Free CSet: 0.1 ms]
   [Eden: 44.0M(44.0M)->0.0B(46.0M) Survivors: 7168.0K->5120.0K Heap: 180.5M(1024.0M)->136.7M(1024.0M)]
 [Times: user=0.04 sys=0.00, real=0.00 secs] 
2016-11-17T08:35:27.707+0500: 1.572: [GC pause (G1 Evacuation Pause) (young), 0.0022714 secs]
   [Parallel Time: 1.5 ms, GC Workers: 8]
      [GC Worker Start (ms): Min: 1572.1, Avg: 1572.2, Max: 1572.7, Diff: 0.6]
      [Ext Root Scanning (ms): Min: 0.0, Avg: 0.2, Max: 0.4, Diff: 0.4, Sum: 1.5]
      [Update RS (ms): Min: 0.0, Avg: 0.2, Max: 0.4, Diff: 0.4, Sum: 1.3]
         [Processed Buffers: Min: 0, Avg: 1.8, Max: 5, Diff: 5, Sum: 14]
      [Scan RS (ms): Min: 0.0, Avg: 0.1, Max: 0.2, Diff: 0.2, Sum: 0.7]
      [Code Root Scanning (ms): Min: 0.0, Avg: 0.2, Max: 1.0, Diff: 1.0, Sum: 1.5]
      [Object Copy (ms): Min: 0.0, Avg: 0.5, Max: 0.6, Diff: 0.6, Sum: 3.7]
      [Termination (ms): Min: 0.0, Avg: 0.3, Max: 0.4, Diff: 0.4, Sum: 2.6]
         [Termination Attempts: Min: 1, Avg: 1.0, Max: 1, Diff: 0, Sum: 8]
      [GC Worker Other (ms): Min: 0.0, Avg: 0.0, Max: 0.0, Diff: 0.0, Sum: 0.1]
      [GC Worker Total (ms): Min: 0.9, Avg: 1.4, Max: 1.5, Diff: 0.6, Sum: 11.3]
      [GC Worker End (ms): Min: 1573.6, Avg: 1573.7, Max: 1573.7, Diff: 0.0]
   [Code Root Fixup: 0.2 ms]
   [Code Root Purge: 0.0 ms]
   [Clear CT: 0.1 ms]
   [Other: 0.5 ms]
      [Choose CSet: 0.0 ms]
      [Ref Proc: 0.2 ms]
      [Ref Enq: 0.0 ms]
      [Redirty Cards: 0.1 ms]
      [Humongous Register: 0.0 ms]
      [Humongous Reclaim: 0.0 ms]
      [Free CSet: 0.1 ms]
   [Eden: 46.0M(46.0M)->0.0B(48.0M) Survivors: 5120.0K->3072.0K Heap: 182.7M(1024.0M)->135.1M(1024.0M)]
 [Times: user=0.01 sys=0.01, real=0.00 secs] 
2016-11-17T08:35:27.817+0500: 1.683: [GC pause (G1 Evacuation Pause) (young), 0.0029157 secs]
   [Parallel Time: 2.1 ms, GC Workers: 8]
      [GC Worker Start (ms): Min: 1682.6, Avg: 1683.2, Max: 1684.3, Diff: 1.7]
      [Ext Root Scanning (ms): Min: 0.0, Avg: 0.3, Max: 0.6, Diff: 0.6, Sum: 2.4]
      [Update RS (ms): Min: 0.0, Avg: 0.1, Max: 0.3, Diff: 0.3, Sum: 0.7]
         [Processed Buffers: Min: 0, Avg: 1.4, Max: 6, Diff: 6, Sum: 11]
      [Scan RS (ms): Min: 0.0, Avg: 0.0, Max: 0.0, Diff: 0.0, Sum: 0.0]
      [Code Root Scanning (ms): Min: 0.0, Avg: 0.2, Max: 1.3, Diff: 1.3, Sum: 1.9]
      [Object Copy (ms): Min: 0.0, Avg: 0.5, Max: 1.0, Diff: 1.0, Sum: 3.9]
      [Termination (ms): Min: 0.0, Avg: 0.3, Max: 0.3, Diff: 0.3, Sum: 2.1]
         [Termination Attempts: Min: 1, Avg: 1.1, Max: 2, Diff: 1, Sum: 9]
      [GC Worker Other (ms): Min: 0.0, Avg: 0.0, Max: 0.0, Diff: 0.0, Sum: 0.0]
      [GC Worker Total (ms): Min: 0.2, Avg: 1.4, Max: 2.0, Diff: 1.7, Sum: 10.9]
      [GC Worker End (ms): Min: 1684.5, Avg: 1684.5, Max: 1684.6, Diff: 0.0]
   [Code Root Fixup: 0.2 ms]
   [Code Root Purge: 0.0 ms]
   [Clear CT: 0.2 ms]
   [Other: 0.5 ms]
      [Choose CSet: 0.0 ms]
      [Ref Proc: 0.2 ms]
      [Ref Enq: 0.0 ms]
      [Redirty Cards: 0.2 ms]
      [Humongous Register: 0.0 ms]
      [Humongous Reclaim: 0.0 ms]
      [Free CSet: 0.0 ms]
   [Eden: 48.0M(48.0M)->0.0B(53.0M) Survivors: 3072.0K->3072.0K Heap: 183.1M(1024.0M)->134.5M(1024.0M)]
 [Times: user=0.01 sys=0.00, real=0.01 secs] 
2016-11-17T08:35:27.934+0500: 1.799: [GC pause (Metadata GC Threshold) (young) (initial-mark), 0.0031501 secs]
   [Parallel Time: 2.0 ms, GC Workers: 8]
      [GC Worker Start (ms): Min: 1799.2, Avg: 1799.3, Max: 1799.3, Diff: 0.1]
      [Ext Root Scanning (ms): Min: 0.5, Avg: 0.8, Max: 1.9, Diff: 1.4, Sum: 6.7]
      [Update RS (ms): Min: 0.0, Avg: 0.1, Max: 0.2, Diff: 0.2, Sum: 0.7]
         [Processed Buffers: Min: 0, Avg: 1.8, Max: 6, Diff: 6, Sum: 14]
      [Scan RS (ms): Min: 0.0, Avg: 0.0, Max: 0.0, Diff: 0.0, Sum: 0.0]
      [Code Root Scanning (ms): Min: 0.0, Avg: 0.1, Max: 1.0, Diff: 1.0, Sum: 1.0]
      [Object Copy (ms): Min: 0.0, Avg: 0.8, Max: 1.2, Diff: 1.2, Sum: 6.2]
      [Termination (ms): Min: 0.0, Avg: 0.1, Max: 0.1, Diff: 0.1, Sum: 0.6]
         [Termination Attempts: Min: 1, Avg: 3.1, Max: 6, Diff: 5, Sum: 25]
      [GC Worker Other (ms): Min: 0.0, Avg: 0.0, Max: 0.0, Diff: 0.0, Sum: 0.1]
      [GC Worker Total (ms): Min: 1.9, Avg: 1.9, Max: 1.9, Diff: 0.1, Sum: 15.3]
      [GC Worker End (ms): Min: 1801.2, Avg: 1801.2, Max: 1801.2, Diff: 0.0]
   [Code Root Fixup: 0.2 ms]
   [Code Root Purge: 0.0 ms]
   [Clear CT: 0.2 ms]
   [Other: 0.7 ms]
      [Choose CSet: 0.0 ms]
      [Ref Proc: 0.5 ms]
      [Ref Enq: 0.0 ms]
      [Redirty Cards: 0.1 ms]
      [Humongous Register: 0.0 ms]
      [Humongous Reclaim: 0.0 ms]
      [Free CSet: 0.0 ms]
   [Eden: 15.0M(53.0M)->0.0B(65.0M) Survivors: 3072.0K->4096.0K Heap: 148.8M(1024.0M)->135.8M(1024.0M)]
 [Times: user=0.02 sys=0.00, real=0.00 secs] 
2016-11-17T08:35:27.937+0500: 1.802: [GC concurrent-root-region-scan-start]
2016-11-17T08:35:27.939+0500: 1.804: [GC concurrent-root-region-scan-end, 0.0016674 secs]
2016-11-17T08:35:27.939+0500: 1.804: [GC concurrent-mark-start]
2016-11-17T08:35:27.943+0500: 1.809: [GC concurrent-mark-end, 0.0046998 secs]
2016-11-17T08:35:27.943+0500: 1.809: [GC remark 2016-11-17T08:35:27.943+0500: 1.809: [Finalize Marking, 0.0002957 secs] 2016-11-17T08:35:27.944+0500: 1.809: [GC ref-proc, 0.0000521 secs] 2016-11-17T08:35:27.944+0500: 1.809: [Unloading, 0.0019246 secs], 0.0034512 secs]
 [Times: user=0.01 sys=0.01, real=0.00 secs] 
2016-11-17T08:35:27.947+0500: 1.813: [GC cleanup 136M->135M(1024M), 0.0008152 secs]
 [Times: user=0.01 sys=0.00, real=0.00 secs] 
2016-11-17T08:35:27.948+0500: 1.813: [GC concurrent-cleanup-start]
2016-11-17T08:35:27.948+0500: 1.813: [GC concurrent-cleanup-end, 0.0000186 secs]
2016-11-17T08:35:28.086+0500: 1.952: [GC pause (G1 Evacuation Pause) (young), 0.0044974 secs]
   [Parallel Time: 3.1 ms, GC Workers: 8]
      [GC Worker Start (ms): Min: 1951.6, Avg: 1952.1, Max: 1953.2, Diff: 1.6]
      [Ext Root Scanning (ms): Min: 0.0, Avg: 0.4, Max: 0.7, Diff: 0.7, Sum: 3.2]
      [Update RS (ms): Min: 0.0, Avg: 0.1, Max: 0.2, Diff: 0.2, Sum: 0.9]
         [Processed Buffers: Min: 0, Avg: 2.1, Max: 8, Diff: 8, Sum: 17]
      [Scan RS (ms): Min: 0.0, Avg: 0.0, Max: 0.0, Diff: 0.0, Sum: 0.1]
      [Code Root Scanning (ms): Min: 0.0, Avg: 0.3, Max: 2.2, Diff: 2.2, Sum: 2.3]
      [Object Copy (ms): Min: 0.0, Avg: 1.5, Max: 2.1, Diff: 2.1, Sum: 11.9]
      [Termination (ms): Min: 0.0, Avg: 0.2, Max: 0.2, Diff: 0.2, Sum: 1.6]
         [Termination Attempts: Min: 1, Avg: 1.6, Max: 3, Diff: 2, Sum: 13]
      [GC Worker Other (ms): Min: 0.0, Avg: 0.0, Max: 0.0, Diff: 0.0, Sum: 0.1]
      [GC Worker Total (ms): Min: 1.4, Avg: 2.5, Max: 3.0, Diff: 1.6, Sum: 19.9]
      [GC Worker End (ms): Min: 1954.6, Avg: 1954.6, Max: 1954.6, Diff: 0.0]
   [Code Root Fixup: 0.2 ms]
   [Code Root Purge: 0.0 ms]
   [Clear CT: 0.2 ms]
   [Other: 1.0 ms]
      [Choose CSet: 0.0 ms]
      [Ref Proc: 0.6 ms]
      [Ref Enq: 0.0 ms]
      [Redirty Cards: 0.2 ms]
      [Humongous Register: 0.0 ms]
      [Humongous Reclaim: 0.0 ms]
      [Free CSet: 0.0 ms]
   [Eden: 65.0M(65.0M)->0.0B(121.0M) Survivors: 4096.0K->5120.0K Heap: 199.8M(1024.0M)->135.5M(1024.0M)]
 [Times: user=0.02 sys=0.01, real=0.01 secs] 
2016-11-17T08:35:28.361+0500: 2.226: [GC pause (G1 Humongous Allocation) (young) (initial-mark), 0.0042532 secs]
   [Parallel Time: 2.7 ms, GC Workers: 8]
      [GC Worker Start (ms): Min: 2226.3, Avg: 2226.5, Max: 2226.9, Diff: 0.6]
      [Ext Root Scanning (ms): Min: 0.3, Avg: 1.1, Max: 2.5, Diff: 2.2, Sum: 8.7]
      [Update RS (ms): Min: 0.0, Avg: 0.1, Max: 0.3, Diff: 0.3, Sum: 0.9]
         [Processed Buffers: Min: 0, Avg: 2.0, Max: 11, Diff: 11, Sum: 16]
      [Scan RS (ms): Min: 0.0, Avg: 0.0, Max: 0.0, Diff: 0.0, Sum: 0.1]
      [Code Root Scanning (ms): Min: 0.0, Avg: 0.2, Max: 1.4, Diff: 1.4, Sum: 1.4]
      [Object Copy (ms): Min: 0.0, Avg: 0.9, Max: 1.6, Diff: 1.6, Sum: 7.5]
      [Termination (ms): Min: 0.0, Avg: 0.1, Max: 0.2, Diff: 0.2, Sum: 0.9]
         [Termination Attempts: Min: 1, Avg: 1.1, Max: 2, Diff: 1, Sum: 9]
      [GC Worker Other (ms): Min: 0.0, Avg: 0.0, Max: 0.0, Diff: 0.0, Sum: 0.1]
      [GC Worker Total (ms): Min: 2.0, Avg: 2.5, Max: 2.7, Diff: 0.6, Sum: 19.6]
      [GC Worker End (ms): Min: 2229.0, Avg: 2229.0, Max: 2229.0, Diff: 0.0]
   [Code Root Fixup: 0.3 ms]
   [Code Root Purge: 0.0 ms]
   [Clear CT: 0.1 ms]
   [Other: 1.1 ms]
      [Choose CSet: 0.0 ms]
      [Ref Proc: 0.6 ms]
      [Ref Enq: 0.0 ms]
      [Redirty Cards: 0.1 ms]
      [Humongous Register: 0.0 ms]
      [Humongous Reclaim: 0.2 ms]
      [Free CSet: 0.1 ms]
   [Eden: 64.0M(121.0M)->0.0B(217.0M) Survivors: 5120.0K->6144.0K Heap: 384.0M(1024.0M)->136.5M(1024.0M)]
 [Times: user=0.02 sys=0.00, real=0.00 secs] 
2016-11-17T08:35:28.365+0500: 2.231: [GC concurrent-root-region-scan-start]
2016-11-17T08:35:28.367+0500: 2.233: [GC concurrent-root-region-scan-end, 0.0020763 secs]
2016-11-17T08:35:28.367+0500: 2.233: [GC concurrent-mark-start]
2016-11-17T08:35:28.372+0500: 2.237: [GC concurrent-mark-end, 0.0047356 secs]
2016-11-17T08:35:28.372+0500: 2.238: [GC remark 2016-11-17T08:35:28.372+0500: 2.238: [Finalize Marking, 0.0003390 secs] 2016-11-17T08:35:28.372+0500: 2.238: [GC ref-proc, 0.0000806 secs] 2016-11-17T08:35:28.372+0500: 2.238: [Unloading, 0.0031163 secs], 0.0051860 secs]
 [Times: user=0.02 sys=0.00, real=0.00 secs] 
2016-11-17T08:35:28.377+0500: 2.243: [GC cleanup 157M->157M(1024M), 0.0008243 secs]
 [Times: user=0.01 sys=0.00, real=0.00 secs] 
2016-11-17T09:33:35.620+0500: 3489.595: [GC pause (G1 Evacuation Pause) (young), 0.0221769 secs]
   [Parallel Time: 17.3 ms, GC Workers: 8]
      [GC Worker Start (ms): Min: 3489596.3, Avg: 3489596.5, Max: 3489596.6, Diff: 0.2]
      [Ext Root Scanning (ms): Min: 2.2, Avg: 4.0, Max: 14.0, Diff: 11.9, Sum: 32.0]
      [Update RS (ms): Min: 0.0, Avg: 1.2, Max: 3.1, Diff: 3.1, Sum: 10.0]
         [Processed Buffers: Min: 0, Avg: 3.5, Max: 17, Diff: 17, Sum: 28]
      [Scan RS (ms): Min: 0.0, Avg: 0.0, Max: 0.0, Diff: 0.0, Sum: 0.2]
      [Code Root Scanning (ms): Min: 0.0, Avg: 0.5, Max: 1.4, Diff: 1.4, Sum: 4.3]
      [Object Copy (ms): Min: 0.1, Avg: 7.4, Max: 10.0, Diff: 9.9, Sum: 59.4]
      [Termination (ms): Min: 2.1, Avg: 3.8, Max: 5.4, Diff: 3.2, Sum: 30.6]
         [Termination Attempts: Min: 38, Avg: 65.9, Max: 94, Diff: 56, Sum: 527]
      [GC Worker Other (ms): Min: 0.0, Avg: 0.0, Max: 0.0, Diff: 0.0, Sum: 0.2]
      [GC Worker Total (ms): Min: 17.0, Avg: 17.1, Max: 17.2, Diff: 0.2, Sum: 136.6]
      [GC Worker End (ms): Min: 3489613.5, Avg: 3489613.5, Max: 3489613.5, Diff: 0.0]
   [Code Root Fixup: 0.4 ms]
   [Code Root Purge: 0.1 ms]
   [Clear CT: 0.2 ms]
   [Other: 4.2 ms]
      [Choose CSet: 0.0 ms]
      [Ref Proc: 1.4 ms]
      [Ref Enq: 0.0 ms]
      [Redirty Cards: 0.2 ms]
      [Humongous Register: 1.3 ms]
      [Humongous Reclaim: 0.3 ms]
      [Free CSet: 0.4 ms]
   [Eden: 217.0M(217.0M)->0.0B(277.0M) Survivors: 6144.0K->6144.0K Heap: 418.5M(1024.0M)->137.0M(1024.0M)]
 [Times: user=0.06 sys=0.04, real=0.02 secs] 
2016-11-17T10:04:50.885+0500: 5364.919: [GC pause (G1 Evacuation Pause) (young), 0.0096160 secs]
   [Parallel Time: 6.7 ms, GC Workers: 8]
      [GC Worker Start (ms): Min: 5364920.5, Avg: 5364920.7, Max: 5364920.9, Diff: 0.3]
      [Ext Root Scanning (ms): Min: 0.9, Avg: 1.4, Max: 3.5, Diff: 2.6, Sum: 11.2]
      [Update RS (ms): Min: 0.0, Avg: 0.7, Max: 1.1, Diff: 1.1, Sum: 5.2]
         [Processed Buffers: Min: 0, Avg: 1.6, Max: 8, Diff: 8, Sum: 13]
      [Scan RS (ms): Min: 0.0, Avg: 0.0, Max: 0.1, Diff: 0.1, Sum: 0.2]
      [Code Root Scanning (ms): Min: 0.0, Avg: 0.8, Max: 4.3, Diff: 4.3, Sum: 6.6]
      [Object Copy (ms): Min: 0.1, Avg: 3.2, Max: 4.9, Diff: 4.8, Sum: 25.7]
      [Termination (ms): Min: 0.0, Avg: 0.1, Max: 0.2, Diff: 0.2, Sum: 0.9]
         [Termination Attempts: Min: 1, Avg: 1.0, Max: 1, Diff: 0, Sum: 8]
      [GC Worker Other (ms): Min: 0.0, Avg: 0.0, Max: 0.1, Diff: 0.1, Sum: 0.3]
      [GC Worker Total (ms): Min: 6.1, Avg: 6.3, Max: 6.4, Diff: 0.3, Sum: 50.1]
      [GC Worker End (ms): Min: 5364927.0, Avg: 5364927.0, Max: 5364927.0, Diff: 0.1]
   [Code Root Fixup: 0.4 ms]
   [Code Root Purge: 0.0 ms]
   [Clear CT: 0.2 ms]
   [Other: 2.3 ms]
      [Choose CSet: 0.0 ms]
      [Ref Proc: 0.4 ms]
      [Ref Enq: 0.0 ms]
      [Redirty Cards: 0.1 ms]
      [Humongous Register: 1.0 ms]
      [Humongous Reclaim: 0.0 ms]
      [Free CSet: 0.5 ms]
   [Eden: 277.0M(277.0M)->0.0B(606.0M) Survivors: 6144.0K->8192.0K Heap: 414.0M(1024.0M)->138.6M(1024.0M)]
 [Times: user=0.02 sys=0.03, real=0.01 secs] 
2016-11-17T10:47:22.019+0500: 7916.136: [GC pause (G1 Evacuation Pause) (young), 0.0068071 secs]
   [Parallel Time: 4.7 ms, GC Workers: 8]
      [GC Worker Start (ms): Min: 7916136.6, Avg: 7916136.6, Max: 7916136.7, Diff: 0.1]
      [Ext Root Scanning (ms): Min: 0.3, Avg: 0.6, Max: 1.8, Diff: 1.5, Sum: 4.6]
      [Update RS (ms): Min: 0.0, Avg: 0.3, Max: 0.8, Diff: 0.8, Sum: 2.7]
         [Processed Buffers: Min: 0, Avg: 1.6, Max: 7, Diff: 7, Sum: 13]
      [Scan RS (ms): Min: 0.0, Avg: 0.1, Max: 0.1, Diff: 0.1, Sum: 0.5]
      [Code Root Scanning (ms): Min: 0.0, Avg: 0.5, Max: 1.1, Diff: 1.1, Sum: 3.7]
      [Object Copy (ms): Min: 2.6, Avg: 3.0, Max: 3.6, Diff: 1.0, Sum: 23.9]
      [Termination (ms): Min: 0.0, Avg: 0.1, Max: 0.1, Diff: 0.1, Sum: 0.5]
         [Termination Attempts: Min: 1, Avg: 1.4, Max: 2, Diff: 1, Sum: 11]
      [GC Worker Other (ms): Min: 0.0, Avg: 0.0, Max: 0.1, Diff: 0.1, Sum: 0.3]
      [GC Worker Total (ms): Min: 4.5, Avg: 4.5, Max: 4.6, Diff: 0.1, Sum: 36.3]
      [GC Worker End (ms): Min: 7916141.1, Avg: 7916141.2, Max: 7916141.2, Diff: 0.1]
   [Code Root Fixup: 0.4 ms]
   [Code Root Purge: 0.0 ms]
   [Clear CT: 0.2 ms]
   [Other: 1.5 ms]
      [Choose CSet: 0.0 ms]
      [Ref Proc: 0.4 ms]
      [Ref Enq: 0.0 ms]
      [Redirty Cards: 0.1 ms]
      [Humongous Register: 0.1 ms]
      [Humongous Reclaim: 0.0 ms]
      [Free CSet: 0.6 ms]
   [Eden: 606.0M(606.0M)->0.0B(607.0M) Survivors: 8192.0K->7168.0K Heap: 744.6M(1024.0M)->137.5M(1024.0M)]
 [Times: user=0.02 sys=0.02, real=0.01 secs] 
2016-11-17T12:36:37.078+0500: 8862.261: [GC pause (G1 Evacuation Pause) (young), 0.0149962 secs]
   [Parallel Time: 13.0 ms, GC Workers: 8]
      [GC Worker Start (ms): Min: 8862261.6, Avg: 8862261.8, Max: 8862262.1, Diff: 0.5]
      [Ext Root Scanning (ms): Min: 0.0, Avg: 1.7, Max: 10.9, Diff: 10.9, Sum: 13.5]
      [Update RS (ms): Min: 0.0, Avg: 0.2, Max: 0.4, Diff: 0.4, Sum: 1.2]
         [Processed Buffers: Min: 0, Avg: 2.4, Max: 10, Diff: 10, Sum: 19]
      [Scan RS (ms): Min: 0.0, Avg: 0.1, Max: 0.1, Diff: 0.1, Sum: 0.5]
      [Code Root Scanning (ms): Min: 0.0, Avg: 0.5, Max: 1.6, Diff: 1.6, Sum: 3.9]
      [Object Copy (ms): Min: 1.5, Avg: 10.1, Max: 12.0, Diff: 10.5, Sum: 80.7]
      [Termination (ms): Min: 0.0, Avg: 0.3, Max: 0.4, Diff: 0.4, Sum: 2.3]
         [Termination Attempts: Min: 1, Avg: 1.6, Max: 4, Diff: 3, Sum: 13]
      [GC Worker Other (ms): Min: 0.0, Avg: 0.0, Max: 0.0, Diff: 0.0, Sum: 0.1]
      [GC Worker Total (ms): Min: 12.4, Avg: 12.8, Max: 12.9, Diff: 0.5, Sum: 102.2]
      [GC Worker End (ms): Min: 8862274.5, Avg: 8862274.6, Max: 8862274.6, Diff: 0.0]
   [Code Root Fixup: 0.7 ms]
   [Code Root Purge: 0.0 ms]
   [Clear CT: 0.2 ms]
   [Other: 1.1 ms]
      [Choose CSet: 0.0 ms]
      [Ref Proc: 0.5 ms]
      [Ref Enq: 0.0 ms]
      [Redirty Cards: 0.1 ms]
      [Humongous Register: 0.0 ms]
      [Humongous Reclaim: 0.0 ms]
      [Free CSet: 0.3 ms]
   [Eden: 607.0M(607.0M)->0.0B(606.0M) Survivors: 7168.0K->8192.0K Heap: 744.5M(1024.0M)->138.6M(1024.0M)]
 [Times: user=0.03 sys=0.02, real=0.02 secs] 
2016-11-17T13:08:47.547+0500: 10791.461: [GC pause (G1 Evacuation Pause) (young), 0.0198688 secs]
   [Parallel Time: 14.4 ms, GC Workers: 8]
      [GC Worker Start (ms): Min: 10791462.6, Avg: 10791462.9, Max: 10791463.4, Diff: 0.8]
      [Ext Root Scanning (ms): Min: 4.6, Avg: 5.7, Max: 10.5, Diff: 6.0, Sum: 45.5]
      [Update RS (ms): Min: 0.0, Avg: 1.0, Max: 1.6, Diff: 1.6, Sum: 8.0]
         [Processed Buffers: Min: 0, Avg: 1.9, Max: 9, Diff: 9, Sum: 15]
      [Scan RS (ms): Min: 0.0, Avg: 0.1, Max: 0.2, Diff: 0.1, Sum: 0.5]
      [Code Root Scanning (ms): Min: 0.0, Avg: 0.7, Max: 1.5, Diff: 1.5, Sum: 5.8]
      [Object Copy (ms): Min: 3.6, Avg: 6.1, Max: 7.4, Diff: 3.9, Sum: 48.9]
      [Termination (ms): Min: 0.0, Avg: 0.2, Max: 0.2, Diff: 0.2, Sum: 1.5]
         [Termination Attempts: Min: 1, Avg: 1.0, Max: 1, Diff: 0, Sum: 8]
      [GC Worker Other (ms): Min: 0.0, Avg: 0.2, Max: 0.6, Diff: 0.6, Sum: 1.3]
      [GC Worker Total (ms): Min: 13.4, Avg: 13.9, Max: 14.3, Diff: 0.8, Sum: 111.5]
      [GC Worker End (ms): Min: 10791476.9, Avg: 10791476.9, Max: 10791476.9, Diff: 0.0]
   [Code Root Fixup: 0.5 ms]
   [Code Root Purge: 0.0 ms]
   [Clear CT: 0.2 ms]
   [Other: 4.7 ms]
      [Choose CSet: 0.0 ms]
      [Ref Proc: 0.4 ms]
      [Ref Enq: 0.0 ms]
      [Redirty Cards: 0.1 ms]
      [Humongous Register: 0.9 ms]
      [Humongous Reclaim: 0.0 ms]
      [Free CSet: 2.9 ms]
   [Eden: 606.0M(606.0M)->0.0B(606.0M) Survivors: 8192.0K->8192.0K Heap: 744.6M(1024.0M)->139.0M(1024.0M)]
 [Times: user=0.03 sys=0.04, real=0.02 secs] 
2016-11-18T05:43:16.049+0500: 22922.053: [GC pause (G1 Evacuation Pause) (young), 0.0810347 secs]
   [Parallel Time: 68.6 ms, GC Workers: 8]
      [GC Worker Start (ms): Min: 22922058.8, Avg: 22922059.0, Max: 22922059.0, Diff: 0.2]
      [Ext Root Scanning (ms): Min: 2.7, Avg: 3.7, Max: 7.6, Diff: 4.9, Sum: 29.6]
      [Update RS (ms): Min: 0.0, Avg: 2.7, Max: 3.7, Diff: 3.7, Sum: 21.4]
         [Processed Buffers: Min: 0, Avg: 1.6, Max: 6, Diff: 6, Sum: 13]
      [Scan RS (ms): Min: 0.0, Avg: 0.1, Max: 0.1, Diff: 0.1, Sum: 0.4]
      [Code Root Scanning (ms): Min: 0.0, Avg: 1.0, Max: 2.5, Diff: 2.5, Sum: 7.8]
      [Object Copy (ms): Min: 48.8, Avg: 52.0, Max: 54.7, Diff: 5.9, Sum: 416.0]
      [Termination (ms): Min: 5.3, Avg: 8.4, Max: 11.1, Diff: 5.9, Sum: 66.8]
         [Termination Attempts: Min: 49, Avg: 99.2, Max: 148, Diff: 99, Sum: 794]
      [GC Worker Other (ms): Min: 0.4, Avg: 0.5, Max: 1.1, Diff: 0.7, Sum: 4.4]
      [GC Worker Total (ms): Min: 68.2, Avg: 68.3, Max: 68.4, Diff: 0.2, Sum: 546.4]
      [GC Worker End (ms): Min: 22922127.2, Avg: 22922127.3, Max: 22922127.3, Diff: 0.0]
   [Code Root Fixup: 0.6 ms]
   [Code Root Purge: 0.0 ms]
   [Clear CT: 0.4 ms]
   [Other: 11.5 ms]
      [Choose CSet: 0.0 ms]
      [Ref Proc: 3.4 ms]
      [Ref Enq: 0.0 ms]
      [Redirty Cards: 0.1 ms]
      [Humongous Register: 1.5 ms]
      [Humongous Reclaim: 0.0 ms]
      [Free CSet: 0.9 ms]
   [Eden: 606.0M(606.0M)->0.0B(43.0M) Survivors: 8192.0K->8192.0K Heap: 745.0M(1024.0M)->138.7M(1024.0M)]
 [Times: user=0.11 sys=0.18, real=0.09 secs] 
2016-11-18T06:07:37.055+0500: 24387.042: [GC pause (G1 Evacuation Pause) (young), 0.0112992 secs]
   [Parallel Time: 9.0 ms, GC Workers: 8]
      [GC Worker Start (ms): Min: 24387041.7, Avg: 24387041.7, Max: 24387041.8, Diff: 0.2]
      [Ext Root Scanning (ms): Min: 0.2, Avg: 1.3, Max: 6.1, Diff: 5.9, Sum: 10.5]
      [Update RS (ms): Min: 0.0, Avg: 0.1, Max: 0.4, Diff: 0.4, Sum: 0.8]
         [Processed Buffers: Min: 0, Avg: 1.2, Max: 5, Diff: 5, Sum: 10]
      [Scan RS (ms): Min: 0.0, Avg: 0.0, Max: 0.0, Diff: 0.0, Sum: 0.0]
      [Code Root Scanning (ms): Min: 0.0, Avg: 0.5, Max: 1.4, Diff: 1.4, Sum: 3.9]
      [Object Copy (ms): Min: 2.8, Avg: 6.2, Max: 7.8, Diff: 5.0, Sum: 49.8]
      [Termination (ms): Min: 0.0, Avg: 0.7, Max: 0.8, Diff: 0.8, Sum: 5.4]
         [Termination Attempts: Min: 1, Avg: 2.5, Max: 5, Diff: 4, Sum: 20]
      [GC Worker Other (ms): Min: 0.0, Avg: 0.0, Max: 0.0, Diff: 0.0, Sum: 0.1]
      [GC Worker Total (ms): Min: 8.7, Avg: 8.8, Max: 8.9, Diff: 0.2, Sum: 70.5]
      [GC Worker End (ms): Min: 24387050.5, Avg: 24387050.6, Max: 24387050.6, Diff: 0.0]
   [Code Root Fixup: 0.5 ms]
   [Code Root Purge: 0.0 ms]
   [Clear CT: 0.1 ms]
   [Other: 1.7 ms]
      [Choose CSet: 0.0 ms]
      [Ref Proc: 1.3 ms]
      [Ref Enq: 0.0 ms]
      [Redirty Cards: 0.1 ms]
      [Humongous Register: 0.0 ms]
      [Humongous Reclaim: 0.0 ms]
      [Free CSet: 0.1 ms]
   [Eden: 43.0M(43.0M)->0.0B(45.0M) Survivors: 8192.0K->6144.0K Heap: 181.7M(1024.0M)->138.1M(1024.0M)]
 [Times: user=0.03 sys=0.01, real=0.01 secs] 
2016-11-18T06:33:02.012+0500: 25912.047: [GC pause (G1 Evacuation Pause) (young), 0.0070772 secs]
   [Parallel Time: 5.9 ms, GC Workers: 8]
      [GC Worker Start (ms): Min: 25912047.5, Avg: 25912047.6, Max: 25912047.7, Diff: 0.2]
      [Ext Root Scanning (ms): Min: 0.2, Avg: 0.6, Max: 2.0, Diff: 1.9, Sum: 4.9]
      [Update RS (ms): Min: 0.0, Avg: 0.9, Max: 1.7, Diff: 1.7, Sum: 6.9]
         [Processed Buffers: Min: 0, Avg: 1.8, Max: 6, Diff: 6, Sum: 14]
      [Scan RS (ms): Min: 0.0, Avg: 0.0, Max: 0.0, Diff: 0.0, Sum: 0.1]
      [Code Root Scanning (ms): Min: 0.0, Avg: 0.4, Max: 1.1, Diff: 1.1, Sum: 3.0]
      [Object Copy (ms): Min: 2.2, Avg: 3.4, Max: 4.9, Diff: 2.7, Sum: 27.6]
      [Termination (ms): Min: 0.0, Avg: 0.5, Max: 0.6, Diff: 0.6, Sum: 3.7]
         [Termination Attempts: Min: 1, Avg: 2.1, Max: 4, Diff: 3, Sum: 17]
      [GC Worker Other (ms): Min: 0.0, Avg: 0.0, Max: 0.0, Diff: 0.0, Sum: 0.1]
      [GC Worker Total (ms): Min: 5.7, Avg: 5.8, Max: 5.8, Diff: 0.2, Sum: 46.1]
      [GC Worker End (ms): Min: 25912053.4, Avg: 25912053.4, Max: 25912053.4, Diff: 0.0]
   [Code Root Fixup: 0.4 ms]
   [Code Root Purge: 0.0 ms]
   [Clear CT: 0.1 ms]
   [Other: 0.7 ms]
      [Choose CSet: 0.0 ms]
      [Ref Proc: 0.3 ms]
      [Ref Enq: 0.0 ms]
      [Redirty Cards: 0.1 ms]
      [Humongous Register: 0.0 ms]
      [Humongous Reclaim: 0.0 ms]
      [Free CSet: 0.1 ms]
   [Eden: 45.0M(45.0M)->0.0B(126.0M) Survivors: 6144.0K->6144.0K Heap: 183.1M(1024.0M)->138.1M(1024.0M)]
 [Times: user=0.03 sys=0.01, real=0.00 secs] 
2016-11-18T07:44:26.875+0500: 30197.046: [GC pause (G1 Evacuation Pause) (young), 0.0103589 secs]
   [Parallel Time: 8.3 ms, GC Workers: 8]
      [GC Worker Start (ms): Min: 30197046.5, Avg: 30197046.6, Max: 30197046.6, Diff: 0.1]
      [Ext Root Scanning (ms): Min: 0.0, Avg: 0.3, Max: 1.0, Diff: 0.9, Sum: 2.7]
      [Update RS (ms): Min: 0.0, Avg: 0.6, Max: 1.8, Diff: 1.8, Sum: 4.7]
         [Processed Buffers: Min: 0, Avg: 2.2, Max: 11, Diff: 11, Sum: 18]
      [Scan RS (ms): Min: 0.0, Avg: 0.0, Max: 0.0, Diff: 0.0, Sum: 0.1]
      [Code Root Scanning (ms): Min: 0.0, Avg: 0.5, Max: 1.3, Diff: 1.3, Sum: 3.8]
      [Object Copy (ms): Min: 3.2, Avg: 4.7, Max: 7.2, Diff: 4.0, Sum: 37.9]
      [Termination (ms): Min: 0.0, Avg: 1.9, Max: 2.9, Diff: 2.9, Sum: 15.0]
         [Termination Attempts: Min: 1, Avg: 1.2, Max: 2, Diff: 1, Sum: 10]
      [GC Worker Other (ms): Min: 0.0, Avg: 0.2, Max: 1.4, Diff: 1.4, Sum: 1.6]
      [GC Worker Total (ms): Min: 8.2, Avg: 8.2, Max: 8.3, Diff: 0.1, Sum: 65.7]
      [GC Worker End (ms): Min: 30197054.8, Avg: 30197054.8, Max: 30197054.8, Diff: 0.0]
   [Code Root Fixup: 0.4 ms]
   [Code Root Purge: 0.0 ms]
   [Clear CT: 0.1 ms]
   [Other: 1.5 ms]
      [Choose CSet: 0.0 ms]
      [Ref Proc: 0.7 ms]
      [Ref Enq: 0.0 ms]
      [Redirty Cards: 0.1 ms]
      [Humongous Register: 0.3 ms]
      [Humongous Reclaim: 0.0 ms]
      [Free CSet: 0.2 ms]
   [Eden: 126.0M(126.0M)->0.0B(549.0M) Survivors: 6144.0K->7168.0K Heap: 264.1M(1024.0M)->139.3M(1024.0M)]
 [Times: user=0.03 sys=0.01, real=0.01 secs] 
2016-11-18T18:17:57.261+0500: 43799.020: [GC pause (G1 Evacuation Pause) (young), 0.2961423 secs]
   [Parallel Time: 287.9 ms, GC Workers: 8]
      [GC Worker Start (ms): Min: 43799023.4, Avg: 43799023.5, Max: 43799023.6, Diff: 0.3]
      [Ext Root Scanning (ms): Min: 1.3, Avg: 3.5, Max: 10.8, Diff: 9.5, Sum: 28.0]
      [Update RS (ms): Min: 0.0, Avg: 2.4, Max: 5.6, Diff: 5.6, Sum: 19.3]
         [Processed Buffers: Min: 0, Avg: 2.5, Max: 9, Diff: 9, Sum: 20]
      [Scan RS (ms): Min: 0.0, Avg: 0.1, Max: 0.1, Diff: 0.1, Sum: 0.4]
      [Code Root Scanning (ms): Min: 0.0, Avg: 1.6, Max: 4.2, Diff: 4.2, Sum: 13.0]
      [Object Copy (ms): Min: 20.1, Avg: 75.6, Max: 127.7, Diff: 107.6, Sum: 604.4]
      [Termination (ms): Min: 153.3, Avg: 204.3, Max: 260.6, Diff: 107.3, Sum: 1634.6]
         [Termination Attempts: Min: 330, Avg: 413.9, Max: 518, Diff: 188, Sum: 3311]
      [GC Worker Other (ms): Min: 0.0, Avg: 0.0, Max: 0.1, Diff: 0.0, Sum: 0.3]
      [GC Worker Total (ms): Min: 287.2, Avg: 287.5, Max: 287.8, Diff: 0.7, Sum: 2300.1]
      [GC Worker End (ms): Min: 43799310.8, Avg: 43799311.0, Max: 43799311.2, Diff: 0.4]
   [Code Root Fixup: 0.6 ms]
   [Code Root Purge: 0.0 ms]
   [Clear CT: 0.4 ms]
   [Other: 7.2 ms]
      [Choose CSet: 0.0 ms]
      [Ref Proc: 2.9 ms]
      [Ref Enq: 0.0 ms]
      [Redirty Cards: 0.1 ms]
      [Humongous Register: 2.3 ms]
      [Humongous Reclaim: 0.0 ms]
      [Free CSet: 0.7 ms]
   [Eden: 549.0M(549.0M)->0.0B(45.0M) Survivors: 7168.0K->6144.0K Heap: 688.3M(1024.0M)->138.4M(1024.0M)]
 [Times: user=1.32 sys=0.20, real=0.29 secs] 
2016-11-18T18:17:57.748+0500: 43799.508: [GC pause (G1 Evacuation Pause) (young), 0.0089540 secs]
   [Parallel Time: 7.6 ms, GC Workers: 8]
      [GC Worker Start (ms): Min: 43799507.6, Avg: 43799509.0, Max: 43799513.3, Diff: 5.6]
      [Ext Root Scanning (ms): Min: 0.0, Avg: 0.9, Max: 5.6, Diff: 5.6, Sum: 7.5]
      [Update RS (ms): Min: 0.0, Avg: 0.3, Max: 0.8, Diff: 0.8, Sum: 2.0]
         [Processed Buffers: Min: 0, Avg: 1.8, Max: 7, Diff: 7, Sum: 14]
      [Scan RS (ms): Min: 0.0, Avg: 0.1, Max: 0.5, Diff: 0.5, Sum: 1.0]
      [Code Root Scanning (ms): Min: 0.0, Avg: 0.6, Max: 2.5, Diff: 2.5, Sum: 4.8]
      [Object Copy (ms): Min: 1.4, Avg: 3.9, Max: 7.0, Diff: 5.6, Sum: 31.6]
      [Termination (ms): Min: 0.0, Avg: 0.1, Max: 0.1, Diff: 0.1, Sum: 0.6]
         [Termination Attempts: Min: 1, Avg: 1.1, Max: 2, Diff: 1, Sum: 9]
      [GC Worker Other (ms): Min: 0.0, Avg: 0.2, Max: 1.6, Diff: 1.6, Sum: 1.7]
      [GC Worker Total (ms): Min: 1.9, Avg: 6.2, Max: 7.6, Diff: 5.7, Sum: 49.3]
      [GC Worker End (ms): Min: 43799515.2, Avg: 43799515.2, Max: 43799515.2, Diff: 0.0]
   [Code Root Fixup: 0.4 ms]
   [Code Root Purge: 0.0 ms]
   [Clear CT: 0.1 ms]
   [Other: 0.8 ms]
      [Choose CSet: 0.0 ms]
      [Ref Proc: 0.4 ms]
      [Ref Enq: 0.0 ms]
      [Redirty Cards: 0.1 ms]
      [Humongous Register: 0.0 ms]
      [Humongous Reclaim: 0.0 ms]
      [Free CSet: 0.1 ms]
   [Eden: 45.0M(45.0M)->0.0B(44.0M) Survivors: 6144.0K->7168.0K Heap: 183.4M(1024.0M)->139.1M(1024.0M)]
 [Times: user=0.03 sys=0.01, real=0.01 secs] 
2016-11-18T18:17:57.806+0500: 43799.565: [GC pause (G1 Evacuation Pause) (young), 0.0070311 secs]
   [Parallel Time: 5.9 ms, GC Workers: 8]
      [GC Worker Start (ms): Min: 43799565.4, Avg: 43799566.7, Max: 43799568.5, Diff: 3.1]
      [Ext Root Scanning (ms): Min: 0.0, Avg: 0.2, Max: 0.5, Diff: 0.5, Sum: 1.9]
      [Update RS (ms): Min: 0.0, Avg: 0.2, Max: 0.6, Diff: 0.6, Sum: 1.9]
         [Processed Buffers: Min: 0, Avg: 1.6, Max: 7, Diff: 7, Sum: 13]
      [Scan RS (ms): Min: 0.0, Avg: 0.0, Max: 0.0, Diff: 0.0, Sum: 0.1]
      [Code Root Scanning (ms): Min: 0.0, Avg: 0.3, Max: 0.8, Diff: 0.8, Sum: 2.1]
      [Object Copy (ms): Min: 2.1, Avg: 3.5, Max: 4.2, Diff: 2.1, Sum: 27.6]
      [Termination (ms): Min: 0.0, Avg: 0.4, Max: 0.5, Diff: 0.5, Sum: 3.2]
         [Termination Attempts: Min: 1, Avg: 1.5, Max: 2, Diff: 1, Sum: 12]
      [GC Worker Other (ms): Min: 0.0, Avg: 0.0, Max: 0.2, Diff: 0.2, Sum: 0.3]
      [GC Worker Total (ms): Min: 2.8, Avg: 4.6, Max: 5.9, Diff: 3.1, Sum: 37.0]
      [GC Worker End (ms): Min: 43799571.3, Avg: 43799571.3, Max: 43799571.3, Diff: 0.0]
   [Code Root Fixup: 0.4 ms]
   [Code Root Purge: 0.0 ms]
   [Clear CT: 0.1 ms]
   [Other: 0.6 ms]
      [Choose CSet: 0.0 ms]
      [Ref Proc: 0.3 ms]
      [Ref Enq: 0.0 ms]
      [Redirty Cards: 0.1 ms]
      [Humongous Register: 0.0 ms]
      [Humongous Reclaim: 0.0 ms]
      [Free CSet: 0.1 ms]
   [Eden: 44.0M(44.0M)->0.0B(46.0M) Survivors: 7168.0K->5120.0K Heap: 183.1M(1024.0M)->137.5M(1024.0M)]
 [Times: user=0.03 sys=0.00, real=0.01 secs] 
2016-11-18T18:37:22.766+0500: 44964.564: [GC pause (G1 Evacuation Pause) (young), 0.0131942 secs]
   [Parallel Time: 11.1 ms, GC Workers: 8]
      [GC Worker Start (ms): Min: 44964564.1, Avg: 44964564.1, Max: 44964564.2, Diff: 0.1]
      [Ext Root Scanning (ms): Min: 0.2, Avg: 1.4, Max: 8.6, Diff: 8.4, Sum: 11.4]
      [Update RS (ms): Min: 0.0, Avg: 0.3, Max: 0.6, Diff: 0.6, Sum: 2.6]
         [Processed Buffers: Min: 0, Avg: 2.1, Max: 9, Diff: 9, Sum: 17]
      [Scan RS (ms): Min: 0.0, Avg: 0.0, Max: 0.0, Diff: 0.0, Sum: 0.1]
      [Code Root Scanning (ms): Min: 0.0, Avg: 0.3, Max: 1.1, Diff: 1.1, Sum: 2.0]
      [Object Copy (ms): Min: 0.3, Avg: 7.4, Max: 10.1, Diff: 9.8, Sum: 59.2]
      [Termination (ms): Min: 0.0, Avg: 1.5, Max: 2.0, Diff: 2.0, Sum: 12.0]
         [Termination Attempts: Min: 1, Avg: 1.0, Max: 1, Diff: 0, Sum: 8]
      [GC Worker Other (ms): Min: 0.0, Avg: 0.0, Max: 0.0, Diff: 0.0, Sum: 0.1]
      [GC Worker Total (ms): Min: 10.9, Avg: 10.9, Max: 11.0, Diff: 0.1, Sum: 87.3]
      [GC Worker End (ms): Min: 44964575.0, Avg: 44964575.0, Max: 44964575.0, Diff: 0.0]
   [Code Root Fixup: 0.4 ms]
   [Code Root Purge: 0.0 ms]
   [Clear CT: 0.1 ms]
   [Other: 1.6 ms]
      [Choose CSet: 0.0 ms]
      [Ref Proc: 1.2 ms]
      [Ref Enq: 0.0 ms]
      [Redirty Cards: 0.1 ms]
      [Humongous Register: 0.1 ms]
      [Humongous Reclaim: 0.0 ms]
      [Free CSet: 0.1 ms]
   [Eden: 46.0M(46.0M)->0.0B(44.0M) Survivors: 5120.0K->7168.0K Heap: 183.5M(1024.0M)->140.0M(1024.0M)]
 [Times: user=0.03 sys=0.01, real=0.02 secs] 
2016-11-18T21:55:53.726+0500: 46075.466: [GC pause (G1 Evacuation Pause) (young), 0.0098111 secs]
   [Parallel Time: 8.4 ms, GC Workers: 8]
      [GC Worker Start (ms): Min: 46075466.5, Avg: 46075466.6, Max: 46075466.7, Diff: 0.2]
      [Ext Root Scanning (ms): Min: 1.4, Avg: 3.9, Max: 7.4, Diff: 6.1, Sum: 31.4]
      [Update RS (ms): Min: 0.0, Avg: 0.4, Max: 0.9, Diff: 0.9, Sum: 2.8]
         [Processed Buffers: Min: 0, Avg: 2.6, Max: 11, Diff: 11, Sum: 21]
      [Scan RS (ms): Min: 0.0, Avg: 0.0, Max: 0.0, Diff: 0.0, Sum: 0.1]
      [Code Root Scanning (ms): Min: 0.0, Avg: 0.3, Max: 0.7, Diff: 0.7, Sum: 2.2]
      [Object Copy (ms): Min: 0.1, Avg: 3.2, Max: 5.2, Diff: 5.1, Sum: 25.7]
      [Termination (ms): Min: 0.0, Avg: 0.4, Max: 0.7, Diff: 0.7, Sum: 3.4]
         [Termination Attempts: Min: 1, Avg: 1.1, Max: 2, Diff: 1, Sum: 9]
      [GC Worker Other (ms): Min: 0.0, Avg: 0.0, Max: 0.0, Diff: 0.0, Sum: 0.1]
      [GC Worker Total (ms): Min: 8.1, Avg: 8.2, Max: 8.3, Diff: 0.3, Sum: 65.7]
      [GC Worker End (ms): Min: 46075474.8, Avg: 46075474.8, Max: 46075474.8, Diff: 0.1]
   [Code Root Fixup: 0.4 ms]
   [Code Root Purge: 0.0 ms]
   [Clear CT: 0.2 ms]
   [Other: 0.8 ms]
      [Choose CSet: 0.0 ms]
      [Ref Proc: 0.3 ms]
      [Ref Enq: 0.0 ms]
      [Redirty Cards: 0.1 ms]
      [Humongous Register: 0.1 ms]
      [Humongous Reclaim: 0.0 ms]
      [Free CSet: 0.1 ms]
   [Eden: 44.0M(44.0M)->0.0B(536.0M) Survivors: 7168.0K->4096.0K Heap: 184.0M(1024.0M)->137.4M(1024.0M)]
 [Times: user=0.03 sys=0.00, real=0.01 secs] 
2016-11-21T09:42:57.800+0500: 56056.704: [GC pause (G1 Evacuation Pause) (young), 0.0274526 secs]
   [Parallel Time: 18.0 ms, GC Workers: 8]
      [GC Worker Start (ms): Min: 56056708.8, Avg: 56056708.9, Max: 56056709.1, Diff: 0.3]
      [Ext Root Scanning (ms): Min: 1.7, Avg: 2.3, Max: 5.1, Diff: 3.3, Sum: 18.1]
      [Update RS (ms): Min: 1.7, Avg: 5.6, Max: 10.9, Diff: 9.2, Sum: 45.0]
         [Processed Buffers: Min: 1, Avg: 2.9, Max: 10, Diff: 9, Sum: 23]
      [Scan RS (ms): Min: 0.0, Avg: 0.1, Max: 0.1, Diff: 0.1, Sum: 0.4]
      [Code Root Scanning (ms): Min: 0.0, Avg: 1.4, Max: 5.6, Diff: 5.6, Sum: 11.3]
      [Object Copy (ms): Min: 4.3, Avg: 7.5, Max: 10.2, Diff: 6.0, Sum: 60.4]
      [Termination (ms): Min: 0.0, Avg: 0.5, Max: 0.8, Diff: 0.7, Sum: 3.8]
         [Termination Attempts: Min: 1, Avg: 11.8, Max: 23, Diff: 22, Sum: 94]
      [GC Worker Other (ms): Min: 0.2, Avg: 0.4, Max: 0.5, Diff: 0.2, Sum: 2.9]
      [GC Worker Total (ms): Min: 17.5, Avg: 17.7, Max: 17.8, Diff: 0.3, Sum: 141.7]
      [GC Worker End (ms): Min: 56056726.6, Avg: 56056726.6, Max: 56056726.7, Diff: 0.1]
   [Code Root Fixup: 0.2 ms]
   [Code Root Purge: 0.0 ms]
   [Clear CT: 0.4 ms]
   [Other: 8.9 ms]
      [Choose CSet: 0.0 ms]
      [Ref Proc: 1.7 ms]
      [Ref Enq: 0.0 ms]
      [Redirty Cards: 0.1 ms]
      [Humongous Register: 1.2 ms]
      [Humongous Reclaim: 0.0 ms]
      [Free CSet: 1.7 ms]
   [Eden: 536.0M(536.0M)->0.0B(122.0M) Survivors: 4096.0K->5120.0K Heap: 673.4M(1024.0M)->138.5M(1024.0M)]
 [Times: user=0.03 sys=0.05, real=0.03 secs] 
2016-11-21T10:54:29.051+0500: 60348.093: [GC pause (G1 Evacuation Pause) (young), 0.0080202 secs]
   [Parallel Time: 5.4 ms, GC Workers: 8]
      [GC Worker Start (ms): Min: 60348094.2, Avg: 60348094.2, Max: 60348094.3, Diff: 0.1]
      [Ext Root Scanning (ms): Min: 0.3, Avg: 0.5, Max: 1.1, Diff: 0.8, Sum: 3.9]
      [Update RS (ms): Min: 0.0, Avg: 0.3, Max: 0.6, Diff: 0.6, Sum: 2.3]
         [Processed Buffers: Min: 0, Avg: 2.8, Max: 8, Diff: 8, Sum: 22]
      [Scan RS (ms): Min: 0.0, Avg: 0.0, Max: 0.0, Diff: 0.0, Sum: 0.1]
      [Code Root Scanning (ms): Min: 0.0, Avg: 0.2, Max: 0.5, Diff: 0.5, Sum: 1.4]
      [Object Copy (ms): Min: 3.1, Avg: 3.3, Max: 3.6, Diff: 0.5, Sum: 26.2]
      [Termination (ms): Min: 0.0, Avg: 0.0, Max: 0.1, Diff: 0.1, Sum: 0.2]
         [Termination Attempts: Min: 1, Avg: 1.4, Max: 3, Diff: 2, Sum: 11]
      [GC Worker Other (ms): Min: 0.0, Avg: 0.2, Max: 1.0, Diff: 1.0, Sum: 1.3]
      [GC Worker Total (ms): Min: 4.3, Avg: 4.4, Max: 5.3, Diff: 1.0, Sum: 35.5]
      [GC Worker End (ms): Min: 60348098.5, Avg: 60348098.7, Max: 60348099.5, Diff: 1.0]
   [Code Root Fixup: 0.3 ms]
   [Code Root Purge: 0.0 ms]
   [Clear CT: 0.1 ms]
   [Other: 2.2 ms]
      [Choose CSet: 0.0 ms]
      [Ref Proc: 0.7 ms]
      [Ref Enq: 0.0 ms]
      [Redirty Cards: 0.1 ms]
      [Humongous Register: 0.1 ms]
      [Humongous Reclaim: 0.0 ms]
      [Free CSet: 0.1 ms]
   [Eden: 122.0M(122.0M)->0.0B(611.0M) Survivors: 5120.0K->3072.0K Heap: 260.5M(1024.0M)->137.2M(1024.0M)]
 [Times: user=0.03 sys=0.01, real=0.01 secs] 
2016-11-22T06:47:50.550+0500: 69516.030: [GC pause (G1 Evacuation Pause) (young), 0.1130927 secs]
   [Parallel Time: 102.2 ms, GC Workers: 8]
      [GC Worker Start (ms): Min: 69516034.8, Avg: 69516034.9, Max: 69516035.0, Diff: 0.1]
      [Ext Root Scanning (ms): Min: 1.1, Avg: 1.3, Max: 2.8, Diff: 1.7, Sum: 10.7]
      [Update RS (ms): Min: 0.3, Avg: 2.2, Max: 3.6, Diff: 3.3, Sum: 17.2]
         [Processed Buffers: Min: 1, Avg: 4.1, Max: 25, Diff: 24, Sum: 33]
      [Scan RS (ms): Min: 0.0, Avg: 0.1, Max: 0.2, Diff: 0.1, Sum: 0.4]
      [Code Root Scanning (ms): Min: 0.0, Avg: 0.1, Max: 0.3, Diff: 0.3, Sum: 0.6]
      [Object Copy (ms): Min: 17.0, Avg: 31.5, Max: 57.5, Diff: 40.5, Sum: 252.3]
      [Termination (ms): Min: 40.8, Avg: 66.7, Max: 80.9, Diff: 40.1, Sum: 533.3]
         [Termination Attempts: Min: 230, Avg: 280.0, Max: 346, Diff: 116, Sum: 2240]
      [GC Worker Other (ms): Min: 0.1, Avg: 0.2, Max: 0.3, Diff: 0.1, Sum: 1.5]
      [GC Worker Total (ms): Min: 101.9, Avg: 102.0, Max: 102.1, Diff: 0.2, Sum: 816.1]
      [GC Worker End (ms): Min: 69516136.9, Avg: 69516136.9, Max: 69516136.9, Diff: 0.0]
   [Code Root Fixup: 0.1 ms]
   [Code Root Purge: 0.0 ms]
   [Clear CT: 0.5 ms]
   [Other: 10.3 ms]
      [Choose CSet: 0.0 ms]
      [Ref Proc: 3.9 ms]
      [Ref Enq: 0.0 ms]
      [Redirty Cards: 0.1 ms]
      [Humongous Register: 1.0 ms]
      [Humongous Reclaim: 0.0 ms]
      [Free CSet: 0.7 ms]
   [Eden: 611.0M(611.0M)->0.0B(46.0M) Survivors: 3072.0K->5120.0K Heap: 748.2M(1024.0M)->138.7M(1024.0M)]
 [Times: user=0.41 sys=0.09, real=0.11 secs] 
2016-11-22T06:48:53.265+0500: 69578.747: [GC pause (G1 Evacuation Pause) (young), 0.0053243 secs]
   [Parallel Time: 4.3 ms, GC Workers: 8]
      [GC Worker Start (ms): Min: 69578747.3, Avg: 69578747.6, Max: 69578748.6, Diff: 1.3]
      [Ext Root Scanning (ms): Min: 0.0, Avg: 0.5, Max: 1.0, Diff: 1.0, Sum: 4.0]
      [Update RS (ms): Min: 0.0, Avg: 0.2, Max: 0.6, Diff: 0.6, Sum: 1.8]
         [Processed Buffers: Min: 0, Avg: 5.2, Max: 21, Diff: 21, Sum: 42]
      [Scan RS (ms): Min: 0.0, Avg: 0.0, Max: 0.0, Diff: 0.0, Sum: 0.0]
      [Code Root Scanning (ms): Min: 0.0, Avg: 0.2, Max: 0.9, Diff: 0.9, Sum: 1.2]
      [Object Copy (ms): Min: 2.3, Avg: 3.0, Max: 3.6, Diff: 1.3, Sum: 24.1]
      [Termination (ms): Min: 0.0, Avg: 0.1, Max: 0.2, Diff: 0.2, Sum: 0.7]
         [Termination Attempts: Min: 1, Avg: 1.5, Max: 2, Diff: 1, Sum: 12]
      [GC Worker Other (ms): Min: 0.0, Avg: 0.0, Max: 0.0, Diff: 0.0, Sum: 0.1]
      [GC Worker Total (ms): Min: 3.0, Avg: 4.0, Max: 4.3, Diff: 1.3, Sum: 31.9]
      [GC Worker End (ms): Min: 69578751.5, Avg: 69578751.6, Max: 69578751.6, Diff: 0.1]
   [Code Root Fixup: 0.2 ms]
   [Code Root Purge: 0.0 ms]
   [Clear CT: 0.1 ms]
   [Other: 0.7 ms]
      [Choose CSet: 0.0 ms]
      [Ref Proc: 0.3 ms]
      [Ref Enq: 0.0 ms]
      [Redirty Cards: 0.1 ms]
      [Humongous Register: 0.0 ms]
      [Humongous Reclaim: 0.0 ms]
      [Free CSet: 0.1 ms]
   [Eden: 46.0M(46.0M)->0.0B(559.0M) Survivors: 5120.0K->3072.0K Heap: 184.7M(1024.0M)->137.4M(1024.0M)]
 [Times: user=0.01 sys=0.01, real=0.01 secs] 
2016-11-22T09:06:32.372+0500: 77841.801: [GC pause (G1 Evacuation Pause) (young), 0.0202562 secs]
   [Parallel Time: 15.6 ms, GC Workers: 8]
      [GC Worker Start (ms): Min: 77841802.5, Avg: 77841802.7, Max: 77841802.9, Diff: 0.3]
      [Ext Root Scanning (ms): Min: 1.5, Avg: 2.2, Max: 5.7, Diff: 4.2, Sum: 17.3]
      [Update RS (ms): Min: 0.0, Avg: 1.3, Max: 1.8, Diff: 1.8, Sum: 10.5]
         [Processed Buffers: Min: 0, Avg: 4.8, Max: 18, Diff: 18, Sum: 38]
      [Scan RS (ms): Min: 0.0, Avg: 0.1, Max: 0.2, Diff: 0.2, Sum: 0.5]
      [Code Root Scanning (ms): Min: 0.0, Avg: 0.3, Max: 1.3, Diff: 1.3, Sum: 2.3]
      [Object Copy (ms): Min: 6.2, Avg: 7.1, Max: 8.0, Diff: 1.8, Sum: 56.5]
      [Termination (ms): Min: 3.6, Avg: 4.4, Max: 5.1, Diff: 1.5, Sum: 35.0]
         [Termination Attempts: Min: 112, Avg: 147.1, Max: 171, Diff: 59, Sum: 1177]
      [GC Worker Other (ms): Min: 0.0, Avg: 0.1, Max: 0.2, Diff: 0.1, Sum: 0.7]
      [GC Worker Total (ms): Min: 15.2, Avg: 15.3, Max: 15.5, Diff: 0.3, Sum: 122.8]
      [GC Worker End (ms): Min: 77841818.0, Avg: 77841818.1, Max: 77841818.1, Diff: 0.1]
   [Code Root Fixup: 0.2 ms]
   [Code Root Purge: 0.0 ms]
   [Clear CT: 0.5 ms]
   [Other: 4.0 ms]
      [Choose CSet: 0.0 ms]
      [Ref Proc: 1.3 ms]
      [Ref Enq: 0.0 ms]
      [Redirty Cards: 0.2 ms]
      [Humongous Register: 1.1 ms]
      [Humongous Reclaim: 0.0 ms]
      [Free CSet: 0.7 ms]
   [Eden: 559.0M(559.0M)->0.0B(521.0M) Survivors: 3072.0K->5120.0K Heap: 696.4M(1024.0M)->138.9M(1024.0M)]
 [Times: user=0.06 sys=0.06, real=0.02 secs] 
2016-11-22T11:17:14.084+0500: 85683.772: [GC pause (G1 Evacuation Pause) (young), 0.0187540 secs]
   [Parallel Time: 14.7 ms, GC Workers: 8]
      [GC Worker Start (ms): Min: 85683773.4, Avg: 85683773.6, Max: 85683773.8, Diff: 0.4]
      [Ext Root Scanning (ms): Min: 0.6, Avg: 2.7, Max: 7.2, Diff: 6.5, Sum: 21.5]
      [Update RS (ms): Min: 0.0, Avg: 1.5, Max: 2.3, Diff: 2.3, Sum: 11.9]
         [Processed Buffers: Min: 0, Avg: 4.1, Max: 22, Diff: 22, Sum: 33]
      [Scan RS (ms): Min: 0.0, Avg: 0.1, Max: 0.2, Diff: 0.1, Sum: 0.4]
      [Code Root Scanning (ms): Min: 0.0, Avg: 0.2, Max: 0.8, Diff: 0.8, Sum: 1.8]
      [Object Copy (ms): Min: 4.1, Avg: 7.0, Max: 9.3, Diff: 5.2, Sum: 56.3]
      [Termination (ms): Min: 0.7, Avg: 2.6, Max: 3.4, Diff: 2.6, Sum: 20.5]
         [Termination Attempts: Min: 57, Avg: 77.2, Max: 88, Diff: 31, Sum: 618]
      [GC Worker Other (ms): Min: 0.0, Avg: 0.3, Max: 1.5, Diff: 1.5, Sum: 2.3]
      [GC Worker Total (ms): Min: 14.1, Avg: 14.3, Max: 14.5, Diff: 0.4, Sum: 114.6]
      [GC Worker End (ms): Min: 85683787.9, Avg: 85683787.9, Max: 85683787.9, Diff: 0.0]
   [Code Root Fixup: 0.1 ms]
   [Code Root Purge: 0.0 ms]
   [Clear CT: 0.4 ms]
   [Other: 3.6 ms]
      [Choose CSet: 0.0 ms]
      [Ref Proc: 1.1 ms]
      [Ref Enq: 0.0 ms]
      [Redirty Cards: 0.1 ms]
      [Humongous Register: 1.0 ms]
      [Humongous Reclaim: 0.0 ms]
      [Free CSet: 0.8 ms]
   [Eden: 521.0M(521.0M)->0.0B(610.0M) Survivors: 5120.0K->4096.0K Heap: 659.9M(1024.0M)->138.6M(1024.0M)]
 [Times: user=0.04 sys=0.06, real=0.02 secs] 
2016-11-22T13:49:27.059+0500: 94817.048: [GC pause (G1 Evacuation Pause) (young), 0.0267835 secs]
   [Parallel Time: 15.6 ms, GC Workers: 8]
      [GC Worker Start (ms): Min: 94817049.4, Avg: 94817049.6, Max: 94817049.9, Diff: 0.5]
      [Ext Root Scanning (ms): Min: 1.5, Avg: 2.4, Max: 5.9, Diff: 4.4, Sum: 18.9]
      [Update RS (ms): Min: 0.0, Avg: 0.6, Max: 1.5, Diff: 1.5, Sum: 5.0]
         [Processed Buffers: Min: 0, Avg: 4.2, Max: 21, Diff: 21, Sum: 34]
      [Scan RS (ms): Min: 0.0, Avg: 0.0, Max: 0.1, Diff: 0.1, Sum: 0.4]
      [Code Root Scanning (ms): Min: 0.0, Avg: 0.1, Max: 0.4, Diff: 0.4, Sum: 1.2]
      [Object Copy (ms): Min: 6.9, Avg: 8.0, Max: 9.1, Diff: 2.2, Sum: 64.4]
      [Termination (ms): Min: 0.5, Avg: 3.9, Max: 5.0, Diff: 4.4, Sum: 31.4]
         [Termination Attempts: Min: 42, Avg: 118.5, Max: 146, Diff: 104, Sum: 948]
      [GC Worker Other (ms): Min: 0.0, Avg: 0.1, Max: 0.2, Diff: 0.1, Sum: 0.6]
      [GC Worker Total (ms): Min: 15.0, Avg: 15.2, Max: 15.5, Diff: 0.5, Sum: 121.9]
      [GC Worker End (ms): Min: 94817064.8, Avg: 94817064.8, Max: 94817064.9, Diff: 0.1]
   [Code Root Fixup: 0.1 ms]
   [Code Root Purge: 0.0 ms]
   [Clear CT: 0.4 ms]
   [Other: 10.7 ms]
      [Choose CSet: 0.0 ms]
      [Ref Proc: 8.6 ms]
      [Ref Enq: 0.0 ms]
      [Redirty Cards: 0.1 ms]
      [Humongous Register: 0.6 ms]
      [Humongous Reclaim: 0.0 ms]
      [Free CSet: 0.8 ms]
   [Eden: 610.0M(610.0M)->0.0B(611.0M) Survivors: 4096.0K->3072.0K Heap: 748.6M(1024.0M)->139.2M(1024.0M)]
 [Times: user=0.05 sys=0.04, real=0.03 secs] 
