Java HotSpot(TM) 64-Bit Server VM (25.65-b01) for bsd-amd64 JRE (1.8.0_65-b17), built on Oct  6 2015 15:36:46 by "java_re" with gcc 4.2.1 (Based on Apple Inc. build 5658) (LLVM build 2336.11.00)
Memory: 4k page, physical 16777216k(198180k free)

/proc/meminfo:

CommandLine flags: -XX:+DisableExplicitGC -XX:InitialHeapSize=536870912 -XX:InitiatingHeapOccupancyPercent=35 -XX:+ManagementServer -XX:MaxGCPauseMillis=20 -XX:MaxHeapSize=536870912 -XX:+PrintGC -XX:+PrintGCDateStamps -XX:+PrintGCDetails -XX:+PrintGCTimeStamps -XX:+UseCompressedClassPointers -XX:+UseCompressedOops -XX:+UseG1GC 
2016-11-17T08:59:50.622+0500: 1503.966: [GC pause (G1 Evacuation Pause) (young), 0.0237723 secs]
   [Parallel Time: 19.8 ms, GC Workers: 8]
      [GC Worker Start (ms): Min: 1503967.3, Avg: 1503967.5, Max: 1503967.8, Diff: 0.5]
      [Ext Root Scanning (ms): Min: 0.3, Avg: 2.9, Max: 18.4, Diff: 18.1, Sum: 23.4]
      [Update RS (ms): Min: 0.0, Avg: 0.0, Max: 0.0, Diff: 0.0, Sum: 0.0]
         [Processed Buffers: Min: 0, Avg: 0.0, Max: 0, Diff: 0, Sum: 0]
      [Scan RS (ms): Min: 0.0, Avg: 0.0, Max: 0.0, Diff: 0.0, Sum: 0.0]
      [Code Root Scanning (ms): Min: 0.0, Avg: 0.5, Max: 3.5, Diff: 3.5, Sum: 4.4]
      [Object Copy (ms): Min: 1.2, Avg: 16.0, Max: 18.9, Diff: 17.7, Sum: 128.0]
      [Termination (ms): Min: 0.0, Avg: 0.1, Max: 0.1, Diff: 0.1, Sum: 0.6]
         [Termination Attempts: Min: 1, Avg: 6.0, Max: 12, Diff: 11, Sum: 48]
      [GC Worker Other (ms): Min: 0.0, Avg: 0.0, Max: 0.0, Diff: 0.0, Sum: 0.1]
      [GC Worker Total (ms): Min: 19.2, Avg: 19.6, Max: 19.7, Diff: 0.5, Sum: 156.5]
      [GC Worker End (ms): Min: 1503987.0, Avg: 1503987.0, Max: 1503987.1, Diff: 0.0]
   [Code Root Fixup: 0.3 ms]
   [Code Root Purge: 0.1 ms]
   [Clear CT: 0.1 ms]
   [Other: 3.5 ms]
      [Choose CSet: 0.0 ms]
      [Ref Proc: 2.2 ms]
      [Ref Enq: 0.0 ms]
      [Redirty Cards: 0.0 ms]
      [Humongous Register: 0.8 ms]
      [Humongous Reclaim: 0.0 ms]
      [Free CSet: 0.2 ms]
   [Eden: 25.0M(25.0M)->0.0B(21.0M) Survivors: 0.0B->4096.0K Heap: 25.0M(512.0M)->3653.4K(512.0M)]
 [Times: user=0.01 sys=0.04, real=0.02 secs] 
2016-11-17T14:03:51.166+0500: 14134.617: [GC pause (G1 Evacuation Pause) (young), 0.0177776 secs]
   [Parallel Time: 14.6 ms, GC Workers: 8]
      [GC Worker Start (ms): Min: 14134620.2, Avg: 14134620.3, Max: 14134620.5, Diff: 0.3]
      [Ext Root Scanning (ms): Min: 2.9, Avg: 3.6, Max: 8.2, Diff: 5.3, Sum: 29.1]
      [Update RS (ms): Min: 0.0, Avg: 0.0, Max: 0.0, Diff: 0.0, Sum: 0.0]
         [Processed Buffers: Min: 0, Avg: 0.0, Max: 0, Diff: 0, Sum: 0]
      [Scan RS (ms): Min: 0.0, Avg: 0.0, Max: 0.0, Diff: 0.0, Sum: 0.1]
      [Code Root Scanning (ms): Min: 0.0, Avg: 0.9, Max: 6.5, Diff: 6.5, Sum: 6.9]
      [Object Copy (ms): Min: 3.1, Avg: 8.0, Max: 10.2, Diff: 7.1, Sum: 64.0]
      [Termination (ms): Min: 0.0, Avg: 0.7, Max: 0.9, Diff: 0.9, Sum: 5.6]
         [Termination Attempts: Min: 7, Avg: 17.8, Max: 32, Diff: 25, Sum: 142]
      [GC Worker Other (ms): Min: 0.0, Avg: 0.0, Max: 0.0, Diff: 0.0, Sum: 0.2]
      [GC Worker Total (ms): Min: 13.1, Avg: 13.2, Max: 13.4, Diff: 0.3, Sum: 105.9]
      [GC Worker End (ms): Min: 14134633.6, Avg: 14134633.6, Max: 14134633.6, Diff: 0.0]
   [Code Root Fixup: 0.2 ms]
   [Code Root Purge: 0.0 ms]
   [Clear CT: 0.1 ms]
   [Other: 2.8 ms]
      [Choose CSet: 0.0 ms]
      [Ref Proc: 0.4 ms]
      [Ref Enq: 0.1 ms]
      [Redirty Cards: 0.1 ms]
      [Humongous Register: 1.7 ms]
      [Humongous Reclaim: 0.0 ms]
      [Free CSet: 0.2 ms]
   [Eden: 21.0M(21.0M)->0.0B(21.0M) Survivors: 4096.0K->4096.0K Heap: 24.6M(512.0M)->6350.5K(512.0M)]
 [Times: user=0.03 sys=0.05, real=0.02 secs] 
2016-11-18T07:28:35.434+0500: 29285.009: [GC pause (G1 Evacuation Pause) (young), 0.0138127 secs]
   [Parallel Time: 9.9 ms, GC Workers: 8]
      [GC Worker Start (ms): Min: 29285013.3, Avg: 29285013.4, Max: 29285013.6, Diff: 0.3]
      [Ext Root Scanning (ms): Min: 1.6, Avg: 2.4, Max: 5.7, Diff: 4.1, Sum: 19.2]
      [Update RS (ms): Min: 0.6, Avg: 3.6, Max: 5.1, Diff: 4.5, Sum: 29.2]
         [Processed Buffers: Min: 1, Avg: 1.9, Max: 6, Diff: 5, Sum: 15]
      [Scan RS (ms): Min: 0.0, Avg: 0.1, Max: 0.3, Diff: 0.3, Sum: 0.8]
      [Code Root Scanning (ms): Min: 0.0, Avg: 0.1, Max: 0.4, Diff: 0.4, Sum: 0.8]
      [Object Copy (ms): Min: 1.2, Avg: 2.0, Max: 2.6, Diff: 1.4, Sum: 16.0]
      [Termination (ms): Min: 0.2, Avg: 0.3, Max: 0.5, Diff: 0.3, Sum: 2.6]
         [Termination Attempts: Min: 5, Avg: 13.4, Max: 19, Diff: 14, Sum: 107]
      [GC Worker Other (ms): Min: 0.0, Avg: 0.0, Max: 0.1, Diff: 0.1, Sum: 0.4]
      [GC Worker Total (ms): Min: 8.5, Avg: 8.6, Max: 8.8, Diff: 0.3, Sum: 68.8]
      [GC Worker End (ms): Min: 29285022.0, Avg: 29285022.0, Max: 29285022.0, Diff: 0.0]
   [Code Root Fixup: 0.0 ms]
   [Code Root Purge: 0.0 ms]
   [Clear CT: 0.1 ms]
   [Other: 3.7 ms]
      [Choose CSet: 0.0 ms]
      [Ref Proc: 0.1 ms]
      [Ref Enq: 0.0 ms]
      [Redirty Cards: 0.1 ms]
      [Humongous Register: 2.0 ms]
      [Humongous Reclaim: 0.0 ms]
      [Free CSet: 0.1 ms]
   [Eden: 21.0M(21.0M)->0.0B(24.0M) Survivors: 4096.0K->1024.0K Heap: 27.2M(512.0M)->3059.4K(512.0M)]
 [Times: user=0.01 sys=0.03, real=0.01 secs] 
2016-11-18T21:55:53.800+0500: 46114.973: [GC pause (G1 Evacuation Pause) (young), 0.0140672 secs]
   [Parallel Time: 10.5 ms, GC Workers: 8]
      [GC Worker Start (ms): Min: 46114976.3, Avg: 46114976.5, Max: 46114976.7, Diff: 0.3]
      [Ext Root Scanning (ms): Min: 0.0, Avg: 1.5, Max: 3.4, Diff: 3.4, Sum: 12.1]
      [Update RS (ms): Min: 0.0, Avg: 0.7, Max: 1.7, Diff: 1.7, Sum: 5.8]
         [Processed Buffers: Min: 0, Avg: 1.5, Max: 3, Diff: 3, Sum: 12]
      [Scan RS (ms): Min: 0.0, Avg: 0.0, Max: 0.0, Diff: 0.0, Sum: 0.1]
      [Code Root Scanning (ms): Min: 0.0, Avg: 0.1, Max: 0.3, Diff: 0.3, Sum: 0.6]
      [Object Copy (ms): Min: 6.6, Avg: 7.1, Max: 7.8, Diff: 1.3, Sum: 56.9]
      [Termination (ms): Min: 0.0, Avg: 0.5, Max: 1.1, Diff: 1.1, Sum: 4.2]
         [Termination Attempts: Min: 1, Avg: 1.0, Max: 1, Diff: 0, Sum: 8]
      [GC Worker Other (ms): Min: 0.0, Avg: 0.2, Max: 1.7, Diff: 1.6, Sum: 1.9]
      [GC Worker Total (ms): Min: 10.0, Avg: 10.2, Max: 10.3, Diff: 0.3, Sum: 81.4]
      [GC Worker End (ms): Min: 46114986.7, Avg: 46114986.7, Max: 46114986.7, Diff: 0.0]
   [Code Root Fixup: 0.1 ms]
   [Code Root Purge: 0.0 ms]
   [Clear CT: 0.1 ms]
   [Other: 3.4 ms]
      [Choose CSet: 0.0 ms]
      [Ref Proc: 0.2 ms]
      [Ref Enq: 0.0 ms]
      [Redirty Cards: 0.1 ms]
      [Humongous Register: 1.7 ms]
      [Humongous Reclaim: 0.0 ms]
      [Free CSet: 0.1 ms]
   [Eden: 24.0M(24.0M)->0.0B(24.0M) Survivors: 1024.0K->1024.0K Heap: 27.0M(512.0M)->2752.3K(512.0M)]
 [Times: user=0.01 sys=0.01, real=0.01 secs] 
2016-11-21T11:35:33.551+0500: 62839.751: [GC pause (G1 Evacuation Pause) (young), 0.0136743 secs]
   [Parallel Time: 9.8 ms, GC Workers: 8]
      [GC Worker Start (ms): Min: 62839753.8, Avg: 62839754.0, Max: 62839754.1, Diff: 0.3]
      [Ext Root Scanning (ms): Min: 0.0, Avg: 1.2, Max: 5.1, Diff: 5.1, Sum: 9.9]
      [Update RS (ms): Min: 0.0, Avg: 1.0, Max: 3.1, Diff: 3.1, Sum: 7.7]
         [Processed Buffers: Min: 0, Avg: 1.4, Max: 2, Diff: 2, Sum: 11]
      [Scan RS (ms): Min: 0.0, Avg: 0.0, Max: 0.0, Diff: 0.0, Sum: 0.0]
      [Code Root Scanning (ms): Min: 0.0, Avg: 0.0, Max: 0.3, Diff: 0.3, Sum: 0.4]
      [Object Copy (ms): Min: 3.2, Avg: 5.5, Max: 7.1, Diff: 3.9, Sum: 43.7]
      [Termination (ms): Min: 0.2, Avg: 0.6, Max: 0.9, Diff: 0.7, Sum: 4.5]
         [Termination Attempts: Min: 1, Avg: 2.2, Max: 4, Diff: 3, Sum: 18]
      [GC Worker Other (ms): Min: 0.0, Avg: 0.3, Max: 1.2, Diff: 1.2, Sum: 2.7]
      [GC Worker Total (ms): Min: 8.5, Avg: 8.6, Max: 8.7, Diff: 0.2, Sum: 68.9]
      [GC Worker End (ms): Min: 62839762.5, Avg: 62839762.6, Max: 62839762.6, Diff: 0.0]
   [Code Root Fixup: 0.1 ms]
   [Code Root Purge: 0.8 ms]
   [Clear CT: 0.1 ms]
   [Other: 2.9 ms]
      [Choose CSet: 0.0 ms]
      [Ref Proc: 0.9 ms]
      [Ref Enq: 0.0 ms]
      [Redirty Cards: 0.1 ms]
      [Humongous Register: 0.7 ms]
      [Humongous Reclaim: 0.0 ms]
      [Free CSet: 0.1 ms]
   [Eden: 24.0M(24.0M)->0.0B(24.0M) Survivors: 1024.0K->1024.0K Heap: 26.7M(512.0M)->2796.5K(512.0M)]
 [Times: user=0.01 sys=0.02, real=0.01 secs] 
Heap
 garbage-first heap   total 524288K, used 15084K [0x00000007a0000000, 0x00000007a0101000, 0x00000007c0000000)
  region size 1024K, 14 young (14336K), 1 survivors (1024K)
 Metaspace       used 10308K, capacity 10462K, committed 10752K, reserved 1058816K
  class space    used 1174K, capacity 1247K, committed 1280K, reserved 1048576K
